../Core/Src/main.c:94:6:Bluetooth_Receive	16	static
../Core/Src/main.c:104:6:Servo_SetPosition	16	static
../Core/Src/main.c:109:6:Move_Forward	8	static
../Core/Src/main.c:119:6:Reverse	8	static
../Core/Src/main.c:129:6:Turn_Right	8	static
../Core/Src/main.c:139:6:Turn_Left	8	static
../Core/Src/main.c:149:6:Stop	8	static
../Core/Src/main.c:159:10:Sensor_GetDistance	32	static
../Core/Src/main.c:176:5:main	128	static
../Core/Src/main.c:264:6:SystemClock_Config	72	static
../Core/Src/main.c:301:13:MX_TIM2_Init	48	static
../Core/Src/main.c:350:13:MX_TIM3_Init	48	static
../Core/Src/main.c:412:13:MX_TIM4_Init	56	static
../Core/Src/main.c:478:13:MX_USART1_UART_Init	8	static
../Core/Src/main.c:511:13:MX_GPIO_Init	32	static
../Core/Src/main.c:552:6:StartDefaultTask	16	static
../Core/Src/main.c:569:6:StartTaskMain	24	static
../Core/Src/main.c:602:6:StartTaskBlink	16	static
../Core/Src/main.c:621:6:StartTaskMotion	32	static
../Core/Src/main.c:668:6:Error_Handler	4	static,ignoring_inline_asm
