../Core/Src/main.c:66:6:Bluetooth_Receive	16	static
../Core/Src/main.c:76:6:Servo_SetPosition	16	static
../Core/Src/main.c:81:6:Motors_Move	8	static
../Core/Src/main.c:87:6:Motors_Stop	8	static
../Core/Src/main.c:98:5:main	24	static
../Core/Src/main.c:177:6:SystemClock_Config	72	static
../Core/Src/main.c:214:13:MX_TIM2_Init	48	static
../Core/Src/main.c:263:13:MX_USART1_UART_Init	8	static
../Core/Src/main.c:296:13:MX_GPIO_Init	32	static
../Core/Src/main.c:324:6:Error_Handler	4	static,ignoring_inline_asm
