<html>
<body>
<pre>
<h1>µVision Build Log</h1>
<h2>Project:</h2>
C:\ti\TivaWare_C_Series-2.2.0.295\examples\boards\ek-tm4c123gxl\blinky\blinky.uvproj
Project File Date:  07/21/2020

<h2>Output:</h2>
Rebuild target 'blinky'
assembling startup_rvmdk.S...
compiling main.c...
linking...
Program Size: Code=1340 RO-data=20 RW-data=0 ZI-data=512  
After Build - User command #1: fromelf --bin --output .\rvmdk\blinky.bin .\rvmdk\blinky.axf
".\rvmdk\blinky.axf" - 0 Error(s), 0 Warning(s).
Load "C:\\ti\\TivaWare_C_Series-2.2.0.295\\examples\\boards\\ek-tm4c123gxl\\blinky\\rvmdk\\blinky.axf" 
Connecting: Mode=JTAG, Speed=1000000Hz
Unable to initialize device!, error code=1
Error: Flash Download failed  -  Target DLL has been cancelled
Load "C:\\ti\\TivaWare_C_Series-2.2.0.295\\examples\\boards\\ek-tm4c123gxl\\blinky\\rvmdk\\blinky.axf" 
Connecting: Mode=JTAG, Speed=1000000Hz
Unable to initialize device!, error code=4
Error: Flash Download failed  -  Target DLL has been cancelled
Load "C:\\ti\\TivaWare_C_Series-2.2.0.295\\examples\\boards\\ek-tm4c123gxl\\blinky\\rvmdk\\blinky.axf" 
Connecting: Mode=JTAG, Speed=1000000Hz
Unable to initialize device!, error code=4
Error: Flash Download failed  -  Target DLL has been cancelled
</pre>
</body>
</html>
